// Jest Snapshot v1, https://jestjs.io/docs/snapshot-testing

exports[`azure-local-debug - Trigger Tests Trigger Keywords Snapshot skill description triggers match snapshot 1`] = `
{
  "description": "Setup project configurations and local development environment so that the developer can start debugging from a single action. Guides installation of prerequisites, automates Azure emulator setup via docker-compose (Azurite, Postgres, Service Bus, etc.), provides IDE-specific debug/launch configs, and generates a local development API test collection for basic app verification. WHEN: "local dev", "local development", "local dev setup", "local environment setup", "verify my project locally", "debug my project locally", "debug my project in VS Code", "launch.json", "tasks.json", "set up emulators". DO NOT USE FOR: deploying to Azure (use azure-deploy), generating Terraform or Bicep (use azure-prepare), Amazon, AWS, Google, GCP, container diagnostics (use azure-diagnostics), security audits (use azure-compliance), monitoring (use appinsights-instrumentation).",
  "extractedKeywords": [
    "action",
    "appinsights-instrumentation",
    "audits",
    "automates",
    "azure",
    "azure-compliance",
    "azure-deploy",
    "azure-diagnostics",
    "azure-prepare",
    "azurite",
    "basic",
    "code",
    "collection",
    "configs",
    "configurations",
    "cosmos",
    "debug",
    "debugging",
    "deploying",
    "developer",
    "development",
    "diagnostics",
    "docker-compose",
    "emulator",
    "emulators",
    "environment",
    "from",
    "function",
    "generates",
    "generating",
    "guides",
    "ide-specific",
    "installation",
    "json",
    "launch",
    "local",
    "locally",
    "monitoring",
    "postgres",
    "prerequisites",
    "provides",
    "service",
    "setup",
    "single",
    "tasks",
    "test",
    "that",
    "validation",
    "verification",
    "verify",
    "when",
  ],
  "name": "azure-local-debug",
}
`;

exports[`azure-local-debug - Trigger Tests Trigger Keywords Snapshot skill keywords match snapshot 1`] = `
[
  "action",
  "appinsights-instrumentation",
  "audits",
  "automates",
  "azure",
  "azure-compliance",
  "azure-deploy",
  "azure-diagnostics",
  "azure-prepare",
  "azurite",
  "basic",
  "code",
  "collection",
  "configs",
  "configurations",
  "cosmos",
  "debug",
  "debugging",
  "deploying",
  "developer",
  "development",
  "diagnostics",
  "docker-compose",
  "emulator",
  "emulators",
  "environment",
  "from",
  "function",
  "generates",
  "generating",
  "guides",
  "ide-specific",
  "installation",
  "json",
  "launch",
  "local",
  "locally",
  "monitoring",
  "postgres",
  "prerequisites",
  "provides",
  "service",
  "setup",
  "single",
  "tasks",
  "test",
  "that",
  "validation",
  "verification",
  "verify",
  "when",
]
`;
